// Jest Snapshot v1, https://goo.gl/fbAQLP

exports[`Select doesn't break snapshot 1`] = `
<div>
  <label
    class="label"
    data-testid="label"
    for="fake label-select"
  >
    fake label
    <div
      class="select__container"
    >
      <select
        class="select"
        data-testid="select"
        id="fake label-select"
      >
        <option
          data-testid="option-1"
          value="1"
        >
          label-1
        </option>
        <option
          data-testid="option-2"
          value="2"
        >
          label-2
        </option>
        <option
          data-testid="option-3"
          value="3"
        >
          label-3
        </option>
        <option
          data-testid="option-4"
          value="4"
        >
          label-4
        </option>
      </select>
    </div>
  </label>
</div>
`;
