// Jest Snapshot v1, https://goo.gl/fbAQLP

exports[`Button doesn't break snapshot 1`] = `
<div>
  <button
    class="button"
    type="button"
  >
    button-test
  </button>
</div>
`;
