// Jest Snapshot v1, https://goo.gl/fbAQLP

exports[`Card doesn't break snapshot 1`] = `
<div>
  <a
    data-testid="card-link"
    href="/fake-url"
  >
    <div
      class="container"
    >
      <img
        alt="The Fake shoes sneaker by Jest dude"
        class="image"
        src="www.fakeimage.com/toto.jpg"
      />
      <div
        class="section-infos"
      >
        <p
          class="name"
        >
          Fake shoes
        </p>
        <p
          class="price"
        >
          999
          <span>
            â‚¬
          </span>
        </p>
      </div>
      <p
        class="brand"
      >
        Jest dude
      </p>
    </div>
  </a>
</div>
`;
