// Jest Snapshot v1, https://goo.gl/fbAQLP

exports[`Separator doesn't break snapshot 1`] = `
<div>
  <hr
    class="separator "
  />
</div>
`;
